// Jest Snapshot v1, https://goo.gl/fbAQLP

exports[`Input checkbox Component renders the checkbox component 1`] = `
<div
  class="c-input-checkbox"
>
  <input
    id="inputCheckbox"
    type="checkbox"
  />
</div>
`;
