// Jest Snapshot v1, https://goo.gl/fbAQLP

exports[`Container Component renders the container 1`] = `
<div
  class="c-container"
>
  Container Component
</div>
`;
