// Jest Snapshot v1, https://goo.gl/fbAQLP

exports[`Input Component renders the form input component 1`] = `
<input
  aria-invalid="false"
  class="c-input"
  id="firstName"
  name="firstName"
  type="text"
/>
`;
