// Jest Snapshot v1, https://goo.gl/fbAQLP

exports[`FormInput Component renders the form select component 1`] = `
<div
  class="c-input-select-wrapper"
>
  <select
    aria-invalid="false"
    class="c-form-select"
    data-testid="input-select"
    id="testSelect"
    name="testSelect"
  >
    <option
      value="1"
    >
      One
    </option>
    <option
      value="2"
    >
      Two
    </option>
  </select>
</div>
`;
