// Jest Snapshot v1, https://goo.gl/fbAQLP

exports[`Input Search Component renders the search component 1`] = `
<div
  class="c-input-search"
>
  <svg
    class="c-icon"
    height="16"
    viewBox="0 0 16 16"
    width="16"
  >
    <path
      d="M14.722 13.031l-3.395-2.888c-0.351-0.316-0.726-0.461-1.030-0.447 0.801-0.939 1.286-2.157 1.286-3.488 0-2.969-2.406-5.375-5.375-5.375s-5.375 2.406-5.375 5.375 2.406 5.375 5.375 5.375c1.331 0 2.549-0.484 3.488-1.286-0.014 0.303 0.131 0.679 0.447 1.030l2.888 3.395c0.494 0.549 1.302 0.596 1.795 0.103s0.446-1.3-0.103-1.795zM6.208 9.792c-1.979 0-3.583-1.604-3.583-3.583s1.604-3.583 3.583-3.583 3.583 1.604 3.583 3.583-1.604 3.583-3.583 3.583z"
    />
  </svg>
  <input
    aria-invalid="false"
    class="c-input"
    id="amount"
    name="amount"
    placeholder="Search"
    type="text"
  />
</div>
`;
